// Jest Snapshot v1, https://goo.gl/fbAQLP

exports[`Component > Modification > Reroute renders correctly 1`] = `
<div>
  <div>
    <div>
      <div
        className="form-group"
      >
        <label
          htmlFor="Feed"
        >
          Select feed and routes
        </label>
        <div
          className="Select Select--single is-searchable"
          style={undefined}
        >
          <div
            className="Select-control"
            onKeyDown={[Function]}
            onMouseDown={[Function]}
            onTouchEnd={[Function]}
            onTouchMove={[Function]}
            onTouchStart={[Function]}
            style={undefined}
          >
            <span
              className="Select-multi-value-wrapper"
              id="react-select-2--value"
            >
              <div
                className="Select-placeholder"
              >
                Select feed
              </div>
            </span>
            <span
              className="Select-arrow-zone"
              onMouseDown={[Function]}
            >
              <span
                className="Select-arrow"
                onMouseDown={[Function]}
              />
            </span>
          </div>
        </div>
      </div>
    </div>
    <div
      className="form-group"
    >
      <label
        htmlFor="Patterns"
      >
        Select patterns
      </label>
      <div
        className="Select Select--multi is-searchable"
        style={undefined}
      >
        <div
          className="Select-control"
          onKeyDown={[Function]}
          onMouseDown={[Function]}
          onTouchEnd={[Function]}
          onTouchMove={[Function]}
          onTouchStart={[Function]}
          style={undefined}
        >
          <span
            className="Select-multi-value-wrapper"
            id="react-select-3--value"
          >
            <div
              className="Select-placeholder"
            >
              Select patterns
            </div>
          </span>
          <span
            aria-label="Clear all"
            className="Select-clear-zone"
            onMouseDown={[Function]}
            onTouchEnd={[Function]}
            onTouchMove={[Function]}
            onTouchStart={[Function]}
            title="Clear all"
          >
            <span
              className="Select-clear"
              dangerouslySetInnerHTML={
                Object {
                  "__html": "&times;",
                }
              }
            />
          </span>
          <span
            className="Select-arrow-zone"
            onMouseDown={[Function]}
          >
            <span
              className="Select-arrow"
              onMouseDown={[Function]}
            />
          </span>
        </div>
      </div>
    </div>
  </div>
  <div>
    <a
      className="btn btn-warning btn-block"
      href="#"
      onClick={[Function]}
      tabIndex={0}
    >
      <i
        className="fa fa-pencil fa-fw "
      />
       
      Edit route geometry
    </a>
    <div
      className="checkbox"
    >
      <label
        htmlFor="create-stops-automatically-input-0"
      >
        <input
          defaultChecked={true}
          id="create-stops-automatically-input-0"
          onChange={[Function]}
          type="checkbox"
        />
         
        Create stops automatically
      </label>
    </div>
    <div
      className="form-group"
    >
      <label
        htmlFor="stop-spacing-input-1"
      >
        Stop spacing
      </label>
      <div
        className="InputWithUnits"
      >
        <input
          className="form-control"
          id="stop-spacing-input-1"
          min={0}
          name={undefined}
          onChange={[Function]}
          onWheel={[Function]}
          placeholder="meters"
          type="number"
          value={400}
        />
        <span
          className="InputUnits"
        >
          meters
        </span>
      </div>
    </div>
    <div
      className="checkbox"
    >
      <label
        htmlFor="bidirectional-input-2"
      >
        <input
          checked={undefined}
          disabled={undefined}
          id="bidirectional-input-2"
          onChange={[Function]}
          type="checkbox"
        />
         
        Bidirectional
      </label>
    </div>
  </div>
  <div>
    <div
      className="form-group"
    >
      <label
        htmlFor="dwell-time-input-3"
      >
        Dwell time
      </label>
      <div
        className="InputWithUnits"
      >
        <input
          className="form-control"
          id="dwell-time-input-3"
          name={undefined}
          onBlur={[Function]}
          onChange={[Function]}
          onKeyDown={[Function]}
          placeholder="mm:ss"
          type="text"
          value="00:00"
        />
        <span
          className="InputUnits"
        >
          mm:ss
        </span>
      </div>
    </div>
    <div
      className="form-group"
    >
      <label
        htmlFor="average-segment-speed-input-4"
      >
        Average segment speed
      </label>
      <div
        className="InputWithUnits"
      >
        <input
          className="form-control"
          id="average-segment-speed-input-4"
          min={1}
          name={undefined}
          onChange={[Function]}
          onWheel={[Function]}
          placeholder="km/h"
          type="number"
          value={15}
        />
        <span
          className="InputUnits"
        >
          km/h
        </span>
      </div>
    </div>
    <div
      className="form-group"
    >
      <label
        htmlFor="total-travel-time-input-5"
      >
        Total travel time
      </label>
      <div
        className="InputWithUnits"
      >
        <input
          className="form-control"
          id="total-travel-time-input-5"
          name={undefined}
          onBlur={[Function]}
          onChange={[Function]}
          onKeyDown={[Function]}
          placeholder="mm:ss"
          type="text"
          value="00:00"
        />
        <span
          className="InputUnits"
        >
          mm:ss
        </span>
      </div>
    </div>
    <div>
      <div
        aria-level={3}
        role="heading"
      >
        <a
          aria-expanded={false}
          className="CollapsibleButton"
          onClick={[Function]}
          role="button"
          tabIndex={0}
        >
          <i
            className="fa fa-caret-right fa-fw "
          />
          <strong>
            Set individual segment speeds
          </strong>
        </a>
      </div>
    </div>
  </div>
</div>
`;
