exports[`Component > TimetableEntry renders correctly 1`] = `
<div>
  <div
    className="form-inline">
    <div
      className="checkbox">
      <label>
        <input
          checked={true}
          onChange={[Function]}
          type="checkbox" />
         
        Mon
      </label>
    </div>
    <div
      className="checkbox">
      <label>
        <input
          checked={true}
          onChange={[Function]}
          type="checkbox" />
         
        Tue
      </label>
    </div>
    <div
      className="checkbox">
      <label>
        <input
          checked={true}
          onChange={[Function]}
          type="checkbox" />
         
        Wed
      </label>
    </div>
    <div
      className="checkbox">
      <label>
        <input
          checked={true}
          onChange={[Function]}
          type="checkbox" />
         
        Thu
      </label>
    </div>
    <div
      className="checkbox">
      <label>
        <input
          checked={true}
          onChange={[Function]}
          type="checkbox" />
         
        Fri
      </label>
    </div>
    <div
      className="checkbox">
      <label>
        <input
          checked={false}
          onChange={[Function]}
          type="checkbox" />
         
        Sat
      </label>
    </div>
    <div
      className="checkbox">
      <label>
        <input
          checked={false}
          onChange={[Function]}
          type="checkbox" />
         
        Sun
      </label>
    </div>
  </div>
  <div
    className="form-group">
    <label>
      Frequency (minutes)
    </label>
    <input
      className="form-control"
      name={undefined}
      onChange={[Function]}
      placeholder="Frequency (minutes)"
      type="number"
      value={15} />
  </div>
  <div
    className="form-group">
    <label>
      Start time
    </label>
    <input
      className="form-control"
      name={undefined}
      onChange={[Function]}
      placeholder="Start time"
      type="time"
      value="08:00" />
  </div>
  <div
    className="form-group">
    <label>
      End time
    </label>
    <input
      className="form-control"
      name={undefined}
      onChange={[Function]}
      placeholder="End time"
      type="time"
      value="16:00" />
  </div>
</div>
`;
