exports[`Component > Title renders correctly 1`] = `
<h3
  className="DockContent-Title lead">
  Title text
</h3>
`;
