exports[`Component > EditBundle renders correctly 1`] = `
<EditBundle
  addBundle={[Function]}
  bundle={Object {}}
  bundleId="1"
  deleteBundle={[Function]}
  name="Test Bundle"
  projectId="1"
  saveBundle={[Function]}>
  <Panel>
    <div
      className="panel panel-default">
      <Heading>
        <div
          className="panel-heading clearfix ">
          Edit bundle
        </div>
      </Heading>
      <Body>
        <div
          className="panel-body">
          <form
            encType="multipart/form-data"
            method="post"
            onSubmit={[Function]}>
            <Text
              name="Name"
              onChange={[Function]}
              placeholder="Bundle name"
              value="Test Bundle">
              <Group
                name="Name"
                onChange={[Function]}
                placeholder="Bundle name"
                value="Test Bundle">
                <div
                  className="form-group">
                  <Input
                    name="Name"
                    onChange={[Function]}
                    placeholder="Bundle name"
                    type="text"
                    value="Test Bundle">
                    <input
                      className="form-control"
                      name="Name"
                      onChange={[Function]}
                      placeholder="Bundle name"
                      type="text"
                      value="Test Bundle" />
                  </Input>
                </div>
              </Group>
            </Text>
            <input
              name="projectId"
              type="hidden"
              value="1" />
            <input
              className="btn btn-block btn-success"
              disabled={false}
              type="submit"
              value="Edit bundle" />
            <Button
              block={true}
              onClick={[Function]}
              style="danger">
              <a
                className="btn btn-danger btn-block"
                href="#"
                onClick={[Function]}>
                <Icon
                  type="trash">
                  <i
                    className="fa fa-trash fa-fw " />
                </Icon>
              </a>
            </Button>
          </form>
        </div>
      </Body>
    </div>
  </Panel>
</EditBundle>
`;
