exports[`Component > Icon renders correctly 1`] = `
<i
  className="fa fa-pencil fa-fw test" />
`;
