exports[`Component > ImportShapefile renders correctly 1`] = `
<ImportShapefile
  close={[Function]}
  scenarioId="1"
  setModification={[Function]}
  variants={Array []}>
  <Panel>
    <div
      className="panel panel-default">
      <Heading>
        <div
          className="panel-heading clearfix ">
          Import Shapefile
        </div>
      </Heading>
      <Body>
        <div
          className="panel-body">
          <File
            label="Select Shapefile (zipped):"
            onChange={[Function]}>
            <Group
              label="Select Shapefile (zipped):"
              onChange={[Function]}>
              <div
                className="form-group">
                <label>
                  Select Shapefile (zipped):
                </label>
                <Input
                  label="Select Shapefile (zipped):"
                  onChange={[Function]}
                  type="file">
                  <input
                    className="form-control"
                    onChange={[Function]}
                    placeholder="Select Shapefile (zipped):"
                    type="file" />
                </Input>
              </div>
            </Group>
          </File>
          <Button
            block={true}
            disabled={true}
            onClick={[Function]}
            style="success">
            <a
              className="btn btn-success btn-block"
              disabled={true}
              href="#"
              onClick={[Function]}>
              Import
            </a>
          </Button>
          <Button
            block={true}
            onClick={[Function]}
            style="danger">
            <a
              className="btn btn-danger btn-block"
              href="#"
              onClick={[Function]}>
              Cancel
            </a>
          </Button>
        </div>
      </Body>
    </div>
  </Panel>
</ImportShapefile>
`;
