exports[`Component > R5Version renders correctly 1`] = `
<R5Version>
  <div>
    <Group>
      <div
        className="form-group">
        <Select
          addLabelText="Add \"{label}\"?"
          arrowRenderer={[Function]}
          autosize={true}
          backspaceRemoves={true}
          backspaceToRemoveMessage="Press backspace to remove {label}"
          clearAllText="Clear all"
          clearValueText="Clear value"
          clearable={false}
          delimiter=","
          disabled={false}
          escapeClearsValue={true}
          filterOptions={[Function]}
          ignoreAccents={true}
          ignoreCase={true}
          inputProps={Object {}}
          isLoading={false}
          joinValues={false}
          labelKey="label"
          matchPos="any"
          matchProp="any"
          menuBuffer={0}
          menuRenderer={[Function]}
          multi={false}
          noResultsText="No results found"
          onBlurResetsInput={true}
          onCloseResetsInput={true}
          openAfterFocus={false}
          optionComponent={[Function]}
          options={Array []}
          pageSize={5}
          placeholder="Select..."
          required={false}
          scrollMenuIntoView={true}
          searchable={true}
          simpleValue={false}
          tabSelectsValue={true}
          valueComponent={[Function]}
          valueKey="value">
          <div
            className="Select Select--single is-searchable">
            <div
              className="Select-control"
              onKeyDown={[Function]}
              onMouseDown={[Function]}
              onTouchEnd={[Function]}
              onTouchMove={[Function]}
              onTouchStart={[Function]}>
              <span
                className="Select-multi-value-wrapper"
                id="react-select-2--value">
                <div
                  className="Select-placeholder">
                  Select...
                </div>
                <AutosizeInput
                  aria-activedescendant="react-select-2--value"
                  aria-expanded="false"
                  aria-haspopup="false"
                  aria-owns=""
                  className="Select-input"
                  minWidth="5px"
                  onBlur={[Function]}
                  onChange={[Function]}
                  onFocus={[Function]}
                  required={false}
                  role="combobox"
                  value="">
                  <div
                    className="Select-input"
                    style={
                      Object {
                        "display": "inline-block",
                      }
                    }>
                    <input
                      aria-activedescendant="react-select-2--value"
                      aria-expanded="false"
                      aria-haspopup="false"
                      aria-owns=""
                      onBlur={[Function]}
                      onChange={[Function]}
                      onFocus={[Function]}
                      required={false}
                      role="combobox"
                      style={
                        Object {
                          "boxSizing": "content-box",
                          "width": "5pxpx",
                        }
                      }
                      value="" />
                    <div
                      style={
                        Object {
                          "height": 0,
                          "left": 0,
                          "overflow": "scroll",
                          "position": "absolute",
                          "top": 0,
                          "visibility": "hidden",
                          "whiteSpace": "pre",
                        }
                      } />
                  </div>
                </AutosizeInput>
              </span>
              <span
                className="Select-arrow-zone"
                onMouseDown={[Function]}>
                <span
                  className="Select-arrow"
                  onMouseDown={[Function]} />
              </span>
            </div>
          </div>
        </Select>
        <Icon
          aria-label="Show all analysis backend versions (advanced)"
          onClick={[Function]}
          style={
            Object {
              "color": "#aaa",
            }
          }
          title="Show all analysis backend versions (advanced)"
          type="flask">
          <i
            aria-label="Show all analysis backend versions (advanced)"
            className="fa fa-flask fa-fw "
            onClick={[Function]}
            style={
              Object {
                "color": "#aaa",
              }
            }
            title="Show all analysis backend versions (advanced)" />
        </Icon>
      </div>
    </Group>
  </div>
</R5Version>
`;
