exports[`Component > SelectStops renders correctly 1`] = `
<div>
  <div
    className="form-group">
    <label>
      Selection
    </label>
    <div
      className="btn-group btn-group-justified">
      <a
        className="btn btn-sm btn-default"
        onClick={[Function anonymous]}>
        New
      </a>
      <a
        className="btn btn-sm btn-default"
        onClick={[Function anonymous]}>
        Add to
      </a>
      <a
        className="btn btn-sm btn-default"
        onClick={[Function anonymous]}>
        Remove from
      </a>
      <a
        className="btn btn-sm btn-default"
        onClick={[Function anonymous]}>
        Clear
      </a>
    </div>
  </div>
</div>
`;
