exports[`TimetableEntry renders correctly 1`] = `
<div>
  <div
    className="form-inline">
    <Checkbox
      checked={true}
      label="Mon"
      onChange={[Function onChange]} />
    <Checkbox
      checked={true}
      label="Tue"
      onChange={[Function onChange]} />
    <Checkbox
      checked={true}
      label="Wed"
      onChange={[Function onChange]} />
    <Checkbox
      checked={true}
      label="Thu"
      onChange={[Function onChange]} />
    <Checkbox
      checked={true}
      label="Fri"
      onChange={[Function onChange]} />
    <Checkbox
      checked={false}
      label="Sat"
      onChange={[Function onChange]} />
    <Checkbox
      checked={false}
      label="Sun"
      onChange={[Function onChange]} />
  </div>
  <Number
    label="Frequency (minutes)"
    onChange={[Function anonymous]}
    value={15} />
  <Text
    label="Start time"
    onChange={[Function anonymous]}
    type="time"
    value="08:00" />
  <Text
    label="End time"
    onChange={[Function anonymous]}
    type="time"
    value="16:00" />
</div>
`;
