// Jest Snapshot v1, https://goo.gl/fbAQLP

exports[`Component > DirectionIcon renders correctly 1`] = `
<div
  className={undefined}
  id={undefined}
  style={undefined}
>
  <g
    data-props={
      Object {
        "clickable": true,
        "icon": LeafletDirectionIcon {
          "callInitHooks": [MockFunction],
          "createIcon": [MockFunction],
          "createShadow": [MockFunction],
        },
        "position": Array [
          34,
          12,
        ],
      }
    }
    type="Marker"
  />
</div>
`;
