// Jest Snapshot v1, https://goo.gl/fbAQLP

exports[`Component > ImportModifications renders correctly 1`] = `
<ImportModifications
  candidateProjectOptions={
    Array [
      Object {
        "label": "Project 1",
        "value": "project-1-id",
      },
    ]
  }
  copyFromProject={[Function]}
  toProjectId="1"
  variants={Array []}
>
  <InnerDock>
    <div
      className="InnerDock "
      style={
        Object {
          "height": 768,
        }
      }
    >
      <div
        className="block"
      >
        <h5>
          Import modifications from another project
        </h5>
        <div
          className="form-group"
        >
          <Select
            arrowRenderer={[Function]}
            autosize={true}
            backspaceRemoves={true}
            backspaceToRemoveMessage="Press backspace to remove {label}"
            clearAllText="Clear all"
            clearRenderer={[Function]}
            clearValueText="Clear value"
            clearable={false}
            closeOnSelect={true}
            deleteRemoves={true}
            delimiter=","
            disabled={false}
            escapeClearsValue={true}
            filterOptions={[Function]}
            ignoreAccents={true}
            ignoreCase={true}
            inputProps={Object {}}
            isLoading={false}
            joinValues={false}
            labelKey="label"
            matchPos="any"
            matchProp="any"
            menuBuffer={0}
            menuRenderer={[Function]}
            multi={false}
            noResultsText="No results found"
            onBlurResetsInput={true}
            onChange={[Function]}
            onCloseResetsInput={true}
            onSelectResetsInput={true}
            openOnClick={true}
            optionComponent={[Function]}
            options={
              Array [
                Object {
                  "label": "Project 1",
                  "value": "project-1-id",
                },
              ]
            }
            pageSize={5}
            placeholder="Select a project…"
            removeSelected={true}
            required={false}
            rtl={false}
            scrollMenuIntoView={true}
            searchable={true}
            simpleValue={false}
            tabSelectsValue={true}
            trimFilter={true}
            valueComponent={[Function]}
            valueKey="value"
          >
            <div
              className="Select is-searchable Select--single"
            >
              <div
                className="Select-control"
                onKeyDown={[Function]}
                onMouseDown={[Function]}
                onTouchEnd={[Function]}
                onTouchMove={[Function]}
                onTouchStart={[Function]}
              >
                <span
                  className="Select-multi-value-wrapper"
                  id="react-select-2--value"
                >
                  <div
                    className="Select-placeholder"
                  >
                    Select a project…
                  </div>
                  <AutosizeInput
                    aria-activedescendant="react-select-2--value"
                    aria-expanded="false"
                    aria-haspopup="false"
                    aria-owns=""
                    className="Select-input"
                    injectStyles={true}
                    minWidth="5"
                    onBlur={[Function]}
                    onChange={[Function]}
                    onFocus={[Function]}
                    required={false}
                    role="combobox"
                    value=""
                  />
                </span>
                <span
                  className="Select-arrow-zone"
                  onMouseDown={[Function]}
                >
                  <span
                    className="Select-arrow"
                    onMouseDown={[Function]}
                  />
                </span>
              </div>
            </div>
          </Select>
        </div>
        <Button
          block={true}
          disabled={true}
          onClick={[Function]}
          style="success"
        >
          <a
            className="btn btn-success btn-block"
            disabled={true}
            href="#"
            onClick={[Function]}
            tabIndex={0}
          >
            Import modifications
          </a>
        </Button>
      </div>
    </div>
  </InnerDock>
</ImportModifications>
`;
