// Jest Snapshot v1, https://goo.gl/fbAQLP

exports[`Component > ProjectTitle 1`] = `
<ProjectTitle
  project={
    Object {
      "_id": "1",
      "accessGroup": "accessGroupName",
      "bundleId": "1",
      "createdAt": "2017-11-08T12:30:50.133Z",
      "createdBy": "person@gmail.com",
      "name": "Mock Project",
      "nonce": "12345",
      "regionId": "1",
      "updatedAt": "2017-11-08T12:31:19.602Z",
      "updatedBy": "person@gmail.com",
      "variants": Array [
        "Default",
      ],
    }
  }
>
  <Flex
    align="center"
    borderBottom="1px solid #E2E8F0"
    p={2}
    width="320px"
  >
    <Styled(div)
      __css={
        Object {
          "alignItems": "center",
          "display": "flex",
          "flexBasis": undefined,
          "flexDirection": undefined,
          "flexGrow": undefined,
          "flexShrink": undefined,
          "flexWrap": undefined,
          "justifyContent": undefined,
        }
      }
      borderBottom="1px solid #E2E8F0"
      p={2}
      width="320px"
    >
      <div
        className="css-hyly4r"
      >
        <IconButton
          label="All projects"
          onClick={[Function]}
        >
          <Box>
            <div
              className="css-0"
            >
              <ForwardRef
                label="All projects"
                placement="auto"
              >
                <Tooltip
                  aria-label="Tooltip: All projects"
                  fontSize="md"
                  hasArrow={true}
                  label="All projects"
                  placement="auto"
                  zIndex={1500}
                >
                  <Button
                    aria-label="All projects"
                    colorScheme="blue"
                    isActive={false}
                    isDisabled={false}
                    onBlur={[Function]}
                    onClick={[Function]}
                    onFocus={[Function]}
                    onMouseDown={[Function]}
                    onMouseEnter={[Function]}
                    size="sm"
                    variant="ghost"
                  >
                    <Styled(button)
                      __css={
                        Object {
                          "_active": Object {
                            "bg": "blue.100",
                          },
                          "_disabled": Object {
                            "boxShadow": "none",
                            "cursor": "not-allowed",
                            "opacity": 0.4,
                          },
                          "_focus": Object {
                            "boxShadow": "outline",
                          },
                          "_hover": Object {
                            "_disabled": Object {
                              "bg": "initial",
                            },
                            "bg": "blue.50",
                          },
                          "alignItems": "center",
                          "appearance": "none",
                          "bg": "transparent",
                          "borderRadius": "md",
                          "color": "blue.600",
                          "display": "inline-flex",
                          "fontSize": "sm",
                          "fontWeight": "semibold",
                          "h": 8,
                          "justifyContent": "center",
                          "lineHeight": "1.2",
                          "minW": 8,
                          "outline": "none",
                          "position": "relative",
                          "px": 3,
                          "transition": "all 250ms",
                          "userSelect": "none",
                          "verticalAlign": "middle",
                          "whiteSpace": "nowrap",
                          "width": "auto",
                        }
                      }
                      aria-label="All projects"
                      className="chakra-button"
                      onBlur={[Function]}
                      onClick={[Function]}
                      onFocus={[Function]}
                      onMouseDown={[Function]}
                      onMouseEnter={[Function]}
                      type="button"
                    >
                      <button
                        aria-label="All projects"
                        className="chakra-button css-1o9h2ju"
                        onBlur={[Function]}
                        onClick={[Function]}
                        onFocus={[Function]}
                        onMouseDown={[Function]}
                        onMouseEnter={[Function]}
                        type="button"
                      >
                        <FaChevronLeft>
                          <IconBase
                            attr={
                              Object {
                                "viewBox": "0 0 320 512",
                              }
                            }
                          >
                            <svg
                              fill="currentColor"
                              height="1em"
                              stroke="currentColor"
                              strokeWidth="0"
                              style={
                                Object {
                                  "color": undefined,
                                }
                              }
                              viewBox="0 0 320 512"
                              width="1em"
                              xmlns="http://www.w3.org/2000/svg"
                            >
                              <path
                                d="M34.52 239.03L228.87 44.69c9.37-9.37 24.57-9.37 33.94 0l22.67 22.67c9.36 9.36 9.37 24.52.04 33.9L131.49 256l154.02 154.75c9.34 9.38 9.32 24.54-.04 33.9l-22.67 22.67c-9.37 9.37-24.57 9.37-33.94 0L34.52 272.97c-9.37-9.37-9.37-24.57 0-33.94z"
                                key="0"
                              />
                            </svg>
                          </IconBase>
                        </FaChevronLeft>
                      </button>
                    </Styled(button)>
                  </Button>
                  <AnimatePresence />
                </Tooltip>
              </ForwardRef>
            </div>
          </Box>
        </IconButton>
        <Heading
          flex="1"
          ml={2}
          overflow="hidden"
          size="md"
          style={
            Object {
              "textOverflow": "ellipsis",
            }
          }
          whiteSpace="nowrap"
        >
          <Styled(h2)
            __css={
              Object {
                "fontFamily": "heading",
                "fontSize": "xl",
                "fontWeight": "bold",
                "lineHeight": 1.2,
              }
            }
            className="chakra-heading"
            flex="1"
            ml={2}
            overflow="hidden"
            style={
              Object {
                "textOverflow": "ellipsis",
              }
            }
            whiteSpace="nowrap"
          >
            <h2
              className="chakra-heading css-1dhojwb"
              style={
                Object {
                  "textOverflow": "ellipsis",
                }
              }
            >
              Mock Project
            </h2>
          </Styled(h2)>
        </Heading>
        <Flex>
          <Styled(div)
            __css={
              Object {
                "alignItems": undefined,
                "display": "flex",
                "flexBasis": undefined,
                "flexDirection": undefined,
                "flexGrow": undefined,
                "flexShrink": undefined,
                "flexWrap": undefined,
                "justifyContent": undefined,
              }
            }
          >
            <div
              className="css-k008qs"
            >
              <IconButton
                label="Download or share this project"
                onClick={[Function]}
              >
                <Box>
                  <div
                    className="css-0"
                  >
                    <ForwardRef
                      label="Download or share this project"
                      placement="auto"
                    >
                      <Tooltip
                        aria-label="Tooltip: Download or share this project"
                        fontSize="md"
                        hasArrow={true}
                        label="Download or share this project"
                        placement="auto"
                        zIndex={1500}
                      >
                        <Button
                          aria-label="Download or share this project"
                          colorScheme="blue"
                          isActive={false}
                          isDisabled={false}
                          onBlur={[Function]}
                          onClick={[Function]}
                          onFocus={[Function]}
                          onMouseDown={[Function]}
                          onMouseEnter={[Function]}
                          size="sm"
                          variant="ghost"
                        >
                          <Styled(button)
                            __css={
                              Object {
                                "_active": Object {
                                  "bg": "blue.100",
                                },
                                "_disabled": Object {
                                  "boxShadow": "none",
                                  "cursor": "not-allowed",
                                  "opacity": 0.4,
                                },
                                "_focus": Object {
                                  "boxShadow": "outline",
                                },
                                "_hover": Object {
                                  "_disabled": Object {
                                    "bg": "initial",
                                  },
                                  "bg": "blue.50",
                                },
                                "alignItems": "center",
                                "appearance": "none",
                                "bg": "transparent",
                                "borderRadius": "md",
                                "color": "blue.600",
                                "display": "inline-flex",
                                "fontSize": "sm",
                                "fontWeight": "semibold",
                                "h": 8,
                                "justifyContent": "center",
                                "lineHeight": "1.2",
                                "minW": 8,
                                "outline": "none",
                                "position": "relative",
                                "px": 3,
                                "transition": "all 250ms",
                                "userSelect": "none",
                                "verticalAlign": "middle",
                                "whiteSpace": "nowrap",
                                "width": "auto",
                              }
                            }
                            aria-label="Download or share this project"
                            className="chakra-button"
                            onBlur={[Function]}
                            onClick={[Function]}
                            onFocus={[Function]}
                            onMouseDown={[Function]}
                            onMouseEnter={[Function]}
                            type="button"
                          >
                            <button
                              aria-label="Download or share this project"
                              className="chakra-button css-1o9h2ju"
                              onBlur={[Function]}
                              onClick={[Function]}
                              onFocus={[Function]}
                              onMouseDown={[Function]}
                              onMouseEnter={[Function]}
                              type="button"
                            >
                              <FaExternalLinkAlt>
                                <IconBase
                                  attr={
                                    Object {
                                      "viewBox": "0 0 512 512",
                                    }
                                  }
                                >
                                  <svg
                                    fill="currentColor"
                                    height="1em"
                                    stroke="currentColor"
                                    strokeWidth="0"
                                    style={
                                      Object {
                                        "color": undefined,
                                      }
                                    }
                                    viewBox="0 0 512 512"
                                    width="1em"
                                    xmlns="http://www.w3.org/2000/svg"
                                  >
                                    <path
                                      d="M432,320H400a16,16,0,0,0-16,16V448H64V128H208a16,16,0,0,0,16-16V80a16,16,0,0,0-16-16H48A48,48,0,0,0,0,112V464a48,48,0,0,0,48,48H400a48,48,0,0,0,48-48V336A16,16,0,0,0,432,320ZM488,0h-128c-21.37,0-32.05,25.91-17,41l35.73,35.73L135,320.37a24,24,0,0,0,0,34L157.67,377a24,24,0,0,0,34,0L435.28,133.32,471,169c15,15,41,4.5,41-17V24A24,24,0,0,0,488,0Z"
                                      key="0"
                                    />
                                  </svg>
                                </IconBase>
                              </FaExternalLinkAlt>
                            </button>
                          </Styled(button)>
                        </Button>
                        <AnimatePresence />
                      </Tooltip>
                    </ForwardRef>
                  </div>
                </Box>
              </IconButton>
              <IconButton
                label="Edit project settings"
                onClick={[Function]}
              >
                <Box>
                  <div
                    className="css-0"
                  >
                    <ForwardRef
                      label="Edit project settings"
                      placement="auto"
                    >
                      <Tooltip
                        aria-label="Tooltip: Edit project settings"
                        fontSize="md"
                        hasArrow={true}
                        label="Edit project settings"
                        placement="auto"
                        zIndex={1500}
                      >
                        <Button
                          aria-label="Edit project settings"
                          colorScheme="blue"
                          isActive={false}
                          isDisabled={false}
                          onBlur={[Function]}
                          onClick={[Function]}
                          onFocus={[Function]}
                          onMouseDown={[Function]}
                          onMouseEnter={[Function]}
                          size="sm"
                          variant="ghost"
                        >
                          <Styled(button)
                            __css={
                              Object {
                                "_active": Object {
                                  "bg": "blue.100",
                                },
                                "_disabled": Object {
                                  "boxShadow": "none",
                                  "cursor": "not-allowed",
                                  "opacity": 0.4,
                                },
                                "_focus": Object {
                                  "boxShadow": "outline",
                                },
                                "_hover": Object {
                                  "_disabled": Object {
                                    "bg": "initial",
                                  },
                                  "bg": "blue.50",
                                },
                                "alignItems": "center",
                                "appearance": "none",
                                "bg": "transparent",
                                "borderRadius": "md",
                                "color": "blue.600",
                                "display": "inline-flex",
                                "fontSize": "sm",
                                "fontWeight": "semibold",
                                "h": 8,
                                "justifyContent": "center",
                                "lineHeight": "1.2",
                                "minW": 8,
                                "outline": "none",
                                "position": "relative",
                                "px": 3,
                                "transition": "all 250ms",
                                "userSelect": "none",
                                "verticalAlign": "middle",
                                "whiteSpace": "nowrap",
                                "width": "auto",
                              }
                            }
                            aria-label="Edit project settings"
                            className="chakra-button"
                            onBlur={[Function]}
                            onClick={[Function]}
                            onFocus={[Function]}
                            onMouseDown={[Function]}
                            onMouseEnter={[Function]}
                            type="button"
                          >
                            <button
                              aria-label="Edit project settings"
                              className="chakra-button css-1o9h2ju"
                              onBlur={[Function]}
                              onClick={[Function]}
                              onFocus={[Function]}
                              onMouseDown={[Function]}
                              onMouseEnter={[Function]}
                              type="button"
                            >
                              <FaCog>
                                <IconBase
                                  attr={
                                    Object {
                                      "viewBox": "0 0 512 512",
                                    }
                                  }
                                >
                                  <svg
                                    fill="currentColor"
                                    height="1em"
                                    stroke="currentColor"
                                    strokeWidth="0"
                                    style={
                                      Object {
                                        "color": undefined,
                                      }
                                    }
                                    viewBox="0 0 512 512"
                                    width="1em"
                                    xmlns="http://www.w3.org/2000/svg"
                                  >
                                    <path
                                      d="M487.4 315.7l-42.6-24.6c4.3-23.2 4.3-47 0-70.2l42.6-24.6c4.9-2.8 7.1-8.6 5.5-14-11.1-35.6-30-67.8-54.7-94.6-3.8-4.1-10-5.1-14.8-2.3L380.8 110c-17.9-15.4-38.5-27.3-60.8-35.1V25.8c0-5.6-3.9-10.5-9.4-11.7-36.7-8.2-74.3-7.8-109.2 0-5.5 1.2-9.4 6.1-9.4 11.7V75c-22.2 7.9-42.8 19.8-60.8 35.1L88.7 85.5c-4.9-2.8-11-1.9-14.8 2.3-24.7 26.7-43.6 58.9-54.7 94.6-1.7 5.4.6 11.2 5.5 14L67.3 221c-4.3 23.2-4.3 47 0 70.2l-42.6 24.6c-4.9 2.8-7.1 8.6-5.5 14 11.1 35.6 30 67.8 54.7 94.6 3.8 4.1 10 5.1 14.8 2.3l42.6-24.6c17.9 15.4 38.5 27.3 60.8 35.1v49.2c0 5.6 3.9 10.5 9.4 11.7 36.7 8.2 74.3 7.8 109.2 0 5.5-1.2 9.4-6.1 9.4-11.7v-49.2c22.2-7.9 42.8-19.8 60.8-35.1l42.6 24.6c4.9 2.8 11 1.9 14.8-2.3 24.7-26.7 43.6-58.9 54.7-94.6 1.5-5.5-.7-11.3-5.6-14.1zM256 336c-44.1 0-80-35.9-80-80s35.9-80 80-80 80 35.9 80 80-35.9 80-80 80z"
                                      key="0"
                                    />
                                  </svg>
                                </IconBase>
                              </FaCog>
                            </button>
                          </Styled(button)>
                        </Button>
                        <AnimatePresence />
                      </Tooltip>
                    </ForwardRef>
                  </div>
                </Box>
              </IconButton>
            </div>
          </Styled(div)>
        </Flex>
      </div>
    </Styled(div)>
  </Flex>
</ProjectTitle>
`;
