// Jest Snapshot v1, https://goo.gl/fbAQLP

exports[`Component OpportunityDatasetSelector snapshot(mount) 1`] = `
<OpportunityDatasetSelector>
  <S
    getOptionLabel={[Function]}
    getOptionValue={[Function]}
    isClearable={true}
    isDisabled={false}
    onChange={[Function]}
    options={
      Array [
        Object {
          "_id": "Workers_total",
          "name": "Workers total",
          "sourceName": "lodes-data-2014",
        },
      ]
    }
  >
    <ForwardRef(LoadableComponent)
      getOptionLabel={[Function]}
      getOptionValue={[Function]}
      isClearable={true}
      isDisabled={false}
      onChange={[Function]}
      options={
        Array [
          Object {
            "_id": "Workers_total",
            "name": "Workers total",
            "sourceName": "lodes-data-2014",
          },
        ]
      }
      styles={
        Object {
          "control": [Function],
          "option": [Function],
        }
      }
    >
      <loading
        error={null}
        isLoading={true}
        pastDelay={false}
        retry={[Function]}
        timedOut={false}
      />
    </ForwardRef(LoadableComponent)>
  </S>
</OpportunityDatasetSelector>
`;
