// Jest Snapshot v1, https://goo.gl/fbAQLP

exports[`Project-Map > AddTripPatternLayer renders correctly 1`] = `
<Provider
  store={
    Object {
      "clearActions": [Function],
      "dispatch": [Function],
      "getActions": [Function],
      "getState": [Function],
      "replaceReducer": [Function],
      "subscribe": [Function],
    }
  }
>
  <Map
    animate={false}
    useFlyTo={false}
  >
    <div>
      <AddTripPatternLayer
        bidirectional={false}
        segments={
          Array [
            {
            "fromStopId": "1",
            "geometry": {
              "type": "LineString",
              "coordinates": [
                [
                  "-122.02460000",
                  "36.97070000"
                ],
                [
                  "-122.02790000",
                  "37.04900000"
                ],
                [
                  "-121.97990000",
                  "37.22990000"
                ],
                [
                  "-121.94450000",
                  "37.32400000"
                ],
                [
                  "-121.93600000",
                  "37.35300000"
                ],
                [
                  "-121.92400000",
                  "37.36500000"
                ]
              ]
            },
            "properties": {},
            "spacing": "3000.00000000",
            "stopAtEnd": false,
            "stopAtStart": false,
            "type": "Feature"
          },
          ]
        }
      >
        <g>
          <Polyline
            color="#2389c9"
            positions={
              Array [
                Object {
                  "lat": 36.9707,
                  "lng": -122.0246,
                },
                Object {
                  "lat": 37.049,
                  "lng": -122.0279,
                },
                Object {
                  "lat": 37.2299,
                  "lng": -121.9799,
                },
                Object {
                  "lat": 37.324,
                  "lng": -121.9445,
                },
                Object {
                  "lat": 37.353,
                  "lng": -121.936,
                },
                Object {
                  "lat": 37.365,
                  "lng": -121.924,
                },
              ]
            }
            weight={3}
          />
          <DirectionalMarkers
            color="#2389c9"
            patterns={
              Array [
                Object {
                  "geometry": Object {
                    "coordinates": Array [
                      Array [
                        -122.0246,
                        36.9707,
                      ],
                      Array [
                        -122.0279,
                        37.049,
                      ],
                      Array [
                        -121.9799,
                        37.2299,
                      ],
                      Array [
                        -121.9445,
                        37.324,
                      ],
                      Array [
                        -121.936,
                        37.353,
                      ],
                      Array [
                        -121.924,
                        37.365,
                      ],
                    ],
                  },
                },
              ]
            }
          />
          <CircleMarker
            center={
              Object {
                "autoCreated": true,
                "distanceFromStart": 0,
                "index": 0,
                "lat": 36.9707,
                "lon": -122.0246,
                "stopId": "1",
              }
            }
            color="#c92336"
            fill={true}
            fillColor="#fff"
            fillOpacity={1}
            radius={4.066666666666666}
            weight={1.3555555555555554}
          />
          <CircleMarker
            center={
              Object {
                "autoCreated": true,
                "distanceFromStart": 3000,
                "index": 0,
                "lat": 36.99765592006801,
                "lon": -122.02573607325958,
                "stopId": undefined,
              }
            }
            color="#2389c9"
            fill={true}
            fillColor="#fff"
            fillOpacity={1}
            radius={4.066666666666666}
            weight={1.3555555555555554}
          />
          <CircleMarker
            center={
              Object {
                "autoCreated": true,
                "distanceFromStart": 6000,
                "index": 0,
                "lat": 37.02461184013602,
                "lon": -122.02687214651915,
                "stopId": undefined,
              }
            }
            color="#2389c9"
            fill={true}
            fillColor="#fff"
            fillOpacity={1}
            radius={4.066666666666666}
            weight={1.3555555555555554}
          />
          <CircleMarker
            center={
              Object {
                "autoCreated": true,
                "distanceFromStart": 9000,
                "index": 0,
                "lat": 37.05151359890414,
                "lon": -122.02723304175015,
                "stopId": undefined,
              }
            }
            color="#2389c9"
            fill={true}
            fillColor="#fff"
            fillOpacity={1}
            radius={4.066666666666666}
            weight={1.3555555555555554}
          />
          <CircleMarker
            center={
              Object {
                "autoCreated": true,
                "distanceFromStart": 12000,
                "index": 0,
                "lat": 37.07790094264308,
                "lon": -122.02023142483766,
                "stopId": undefined,
              }
            }
            color="#2389c9"
            fill={true}
            fillColor="#fff"
            fillOpacity={1}
            radius={4.066666666666666}
            weight={1.3555555555555554}
          />
          <CircleMarker
            center={
              Object {
                "autoCreated": true,
                "distanceFromStart": 15000,
                "index": 0,
                "lat": 37.10428828638203,
                "lon": -122.01322980792517,
                "stopId": undefined,
              }
            }
            color="#2389c9"
            fill={true}
            fillColor="#fff"
            fillOpacity={1}
            radius={4.066666666666666}
            weight={1.3555555555555554}
          />
          <CircleMarker
            center={
              Object {
                "autoCreated": true,
                "distanceFromStart": 18000,
                "index": 0,
                "lat": 37.13067563012098,
                "lon": -122.00622819101268,
                "stopId": undefined,
              }
            }
            color="#2389c9"
            fill={true}
            fillColor="#fff"
            fillOpacity={1}
            radius={4.066666666666666}
            weight={1.3555555555555554}
          />
          <CircleMarker
            center={
              Object {
                "autoCreated": true,
                "distanceFromStart": 21000,
                "index": 0,
                "lat": 37.15706297385993,
                "lon": -121.99922657410019,
                "stopId": undefined,
              }
            }
            color="#2389c9"
            fill={true}
            fillColor="#fff"
            fillOpacity={1}
            radius={4.066666666666666}
            weight={1.3555555555555554}
          />
          <CircleMarker
            center={
              Object {
                "autoCreated": true,
                "distanceFromStart": 24000,
                "index": 0,
                "lat": 37.183450317598876,
                "lon": -121.9922249571877,
                "stopId": undefined,
              }
            }
            color="#2389c9"
            fill={true}
            fillColor="#fff"
            fillOpacity={1}
            radius={4.066666666666666}
            weight={1.3555555555555554}
          />
          <CircleMarker
            center={
              Object {
                "autoCreated": true,
                "distanceFromStart": 27000,
                "index": 0,
                "lat": 37.20983766133782,
                "lon": -121.98522334027521,
                "stopId": undefined,
              }
            }
            color="#2389c9"
            fill={true}
            fillColor="#fff"
            fillOpacity={1}
            radius={4.066666666666666}
            weight={1.3555555555555554}
          />
          <CircleMarker
            center={
              Object {
                "autoCreated": true,
                "distanceFromStart": 30000,
                "index": 0,
                "lat": 37.23609341419046,
                "lon": -121.97757006522484,
                "stopId": undefined,
              }
            }
            color="#2389c9"
            fill={true}
            fillColor="#fff"
            fillOpacity={1}
            radius={4.066666666666666}
            weight={1.3555555555555554}
          />
          <CircleMarker
            center={
              Object {
                "autoCreated": true,
                "distanceFromStart": 33000,
                "index": 0,
                "lat": 37.261931772765294,
                "lon": -121.96784979005429,
                "stopId": undefined,
              }
            }
            color="#2389c9"
            fill={true}
            fillColor="#fff"
            fillOpacity={1}
            radius={4.066666666666666}
            weight={1.3555555555555554}
          />
          <CircleMarker
            center={
              Object {
                "autoCreated": true,
                "distanceFromStart": 36000,
                "index": 0,
                "lat": 37.28777013134013,
                "lon": -121.95812951488374,
                "stopId": undefined,
              }
            }
            color="#2389c9"
            fill={true}
            fillColor="#fff"
            fillOpacity={1}
            radius={4.066666666666666}
            weight={1.3555555555555554}
          />
          <CircleMarker
            center={
              Object {
                "autoCreated": true,
                "distanceFromStart": 39000,
                "index": 0,
                "lat": 37.31360848991497,
                "lon": -121.94840923971319,
                "stopId": undefined,
              }
            }
            color="#2389c9"
            fill={true}
            fillColor="#fff"
            fillOpacity={1}
            radius={4.066666666666666}
            weight={1.3555555555555554}
          />
          <CircleMarker
            center={
              Object {
                "autoCreated": true,
                "distanceFromStart": 42000,
                "index": 0,
                "lat": 37.339703323688006,
                "lon": -121.93989730167766,
                "stopId": undefined,
              }
            }
            color="#2389c9"
            fill={true}
            fillColor="#fff"
            fillOpacity={1}
            radius={4.066666666666666}
            weight={1.3555555555555554}
          />
          <CircleMarker
            center={
              Object {
                "autoCreated": true,
                "distanceFromStart": 45000,
                "index": 0,
                "lat": 37.36342593800434,
                "lon": -121.92557406199568,
                "stopId": undefined,
              }
            }
            color="#2389c9"
            fill={true}
            fillColor="#fff"
            fillOpacity={1}
            radius={4.066666666666666}
            weight={1.3555555555555554}
          />
        </g>
      </AddTripPatternLayer>
    </div>
  </Map>
</Provider>
`;
