// Jest Snapshot v1, https://goo.gl/fbAQLP

exports[`Project-Map > HopLayer renders correctly 1`] = `
<div
  className={undefined}
  id={undefined}
  style={undefined}
>
  <g
    data={
      {
  "type": "FeatureCollection",
  "features": []
}
    }
    type="GeoJSON"
  />
</div>
`;
