exports[`Component > Modification > AdjustSpeed renders correctly 1`] = `
<AdjustSpeed
  feeds={
    Array [
      Object {
        "routes": Array [
          Object {
            "patterns": Array [
              Object {
                "geometry": Object {
                  "coordinates": Array [
                    Array [
                      -122.0246,
                      36.9707,
                    ],
                    Array [
                      -122.0279,
                      37.049,
                    ],
                    Array [
                      -121.9799,
                      37.2299,
                    ],
                    Array [
                      -121.9445,
                      37.324,
                    ],
                    Array [
                      -121.936,
                      37.353,
                    ],
                    Array [
                      -121.924,
                      37.365,
                    ],
                  ],
                  "type": "LineString",
                },
                "stops": Array [
                  Object {
                    "stop_id": "1",
                    "stop_lat": 36.9707,
                    "stop_lon": -122.0246,
                    "stop_name": "Santa Cruz",
                  },
                  Object {
                    "stop_id": "2",
                    "stop_lat": 37.049,
                    "stop_lon": -122.0279,
                    "stop_name": "Scotts Valley",
                  },
                ],
                "trips": Array [
                  Object {
                    "duration": 1234,
                    "start_time": 12345,
                    "trip_headsign": "To Downtown",
                    "trip_id": "abcd",
                    "trip_short_name": "The Express",
                  },
                ],
              },
            ],
          },
        ],
        "routesById": Object {
          "route1": Object {
            "patterns": Array [
              Object {
                "geometry": Object {
                  "coordinates": Array [
                    Array [
                      -122.0246,
                      36.9707,
                    ],
                    Array [
                      -122.0279,
                      37.049,
                    ],
                    Array [
                      -121.9799,
                      37.2299,
                    ],
                    Array [
                      -121.9445,
                      37.324,
                    ],
                    Array [
                      -121.936,
                      37.353,
                    ],
                    Array [
                      -121.924,
                      37.365,
                    ],
                  ],
                  "type": "LineString",
                },
                "stops": Array [
                  Object {
                    "stop_id": "1",
                    "stop_lat": 36.9707,
                    "stop_lon": -122.0246,
                    "stop_name": "Santa Cruz",
                  },
                  Object {
                    "stop_id": "2",
                    "stop_lat": 37.049,
                    "stop_lon": -122.0279,
                    "stop_name": "Scotts Valley",
                  },
                ],
                "trips": Array [
                  Object {
                    "duration": 1234,
                    "start_time": 12345,
                    "trip_headsign": "To Downtown",
                    "trip_id": "abcd",
                    "trip_short_name": "The Express",
                  },
                ],
              },
            ],
          },
        },
        "stopsById": Object {
          "1": Object {
            "stop_id": "1",
            "stop_lat": 36.9707,
            "stop_lon": -122.0246,
            "stop_name": "Santa Cruz",
          },
          "2": Object {
            "stop_id": "2",
            "stop_lat": 37.049,
            "stop_lon": -122.0279,
            "stop_name": "Scotts Valley",
          },
        },
      },
    ]
  }
  feedsById={
    Object {
      "1": Object {
        "routes": Array [
          Object {
            "patterns": Array [
              Object {
                "geometry": Object {
                  "coordinates": Array [
                    Array [
                      -122.0246,
                      36.9707,
                    ],
                    Array [
                      -122.0279,
                      37.049,
                    ],
                    Array [
                      -121.9799,
                      37.2299,
                    ],
                    Array [
                      -121.9445,
                      37.324,
                    ],
                    Array [
                      -121.936,
                      37.353,
                    ],
                    Array [
                      -121.924,
                      37.365,
                    ],
                  ],
                  "type": "LineString",
                },
                "stops": Array [
                  Object {
                    "stop_id": "1",
                    "stop_lat": 36.9707,
                    "stop_lon": -122.0246,
                    "stop_name": "Santa Cruz",
                  },
                  Object {
                    "stop_id": "2",
                    "stop_lat": 37.049,
                    "stop_lon": -122.0279,
                    "stop_name": "Scotts Valley",
                  },
                ],
                "trips": Array [
                  Object {
                    "duration": 1234,
                    "start_time": 12345,
                    "trip_headsign": "To Downtown",
                    "trip_id": "abcd",
                    "trip_short_name": "The Express",
                  },
                ],
              },
            ],
          },
        ],
        "routesById": Object {
          "route1": Object {
            "patterns": Array [
              Object {
                "geometry": Object {
                  "coordinates": Array [
                    Array [
                      -122.0246,
                      36.9707,
                    ],
                    Array [
                      -122.0279,
                      37.049,
                    ],
                    Array [
                      -121.9799,
                      37.2299,
                    ],
                    Array [
                      -121.9445,
                      37.324,
                    ],
                    Array [
                      -121.936,
                      37.353,
                    ],
                    Array [
                      -121.924,
                      37.365,
                    ],
                  ],
                  "type": "LineString",
                },
                "stops": Array [
                  Object {
                    "stop_id": "1",
                    "stop_lat": 36.9707,
                    "stop_lon": -122.0246,
                    "stop_name": "Santa Cruz",
                  },
                  Object {
                    "stop_id": "2",
                    "stop_lat": 37.049,
                    "stop_lon": -122.0279,
                    "stop_name": "Scotts Valley",
                  },
                ],
                "trips": Array [
                  Object {
                    "duration": 1234,
                    "start_time": 12345,
                    "trip_headsign": "To Downtown",
                    "trip_id": "abcd",
                    "trip_short_name": "The Express",
                  },
                ],
              },
            ],
          },
        },
        "stopsById": Object {
          "1": Object {
            "stop_id": "1",
            "stop_lat": 36.9707,
            "stop_lon": -122.0246,
            "stop_name": "Santa Cruz",
          },
          "2": Object {
            "stop_id": "2",
            "stop_lat": 37.049,
            "stop_lon": -122.0279,
            "stop_name": "Scotts Valley",
          },
        },
      },
    }
  }
  modification={Object {}}
  replaceModification={[Function]}
  setMapState={[Function]}>
  <form>
    <SelectFeedRouteAndPatterns
      feeds={
        Array [
          Object {
            "routes": Array [
              Object {
                "patterns": Array [
                  Object {
                    "geometry": Object {
                      "coordinates": Array [
                        Array [
                          -122.0246,
                          36.9707,
                        ],
                        Array [
                          -122.0279,
                          37.049,
                        ],
                        Array [
                          -121.9799,
                          37.2299,
                        ],
                        Array [
                          -121.9445,
                          37.324,
                        ],
                        Array [
                          -121.936,
                          37.353,
                        ],
                        Array [
                          -121.924,
                          37.365,
                        ],
                      ],
                      "type": "LineString",
                    },
                    "stops": Array [
                      Object {
                        "stop_id": "1",
                        "stop_lat": 36.9707,
                        "stop_lon": -122.0246,
                        "stop_name": "Santa Cruz",
                      },
                      Object {
                        "stop_id": "2",
                        "stop_lat": 37.049,
                        "stop_lon": -122.0279,
                        "stop_name": "Scotts Valley",
                      },
                    ],
                    "trips": Array [
                      Object {
                        "duration": 1234,
                        "start_time": 12345,
                        "trip_headsign": "To Downtown",
                        "trip_id": "abcd",
                        "trip_short_name": "The Express",
                      },
                    ],
                  },
                ],
              },
            ],
            "routesById": Object {
              "route1": Object {
                "patterns": Array [
                  Object {
                    "geometry": Object {
                      "coordinates": Array [
                        Array [
                          -122.0246,
                          36.9707,
                        ],
                        Array [
                          -122.0279,
                          37.049,
                        ],
                        Array [
                          -121.9799,
                          37.2299,
                        ],
                        Array [
                          -121.9445,
                          37.324,
                        ],
                        Array [
                          -121.936,
                          37.353,
                        ],
                        Array [
                          -121.924,
                          37.365,
                        ],
                      ],
                      "type": "LineString",
                    },
                    "stops": Array [
                      Object {
                        "stop_id": "1",
                        "stop_lat": 36.9707,
                        "stop_lon": -122.0246,
                        "stop_name": "Santa Cruz",
                      },
                      Object {
                        "stop_id": "2",
                        "stop_lat": 37.049,
                        "stop_lon": -122.0279,
                        "stop_name": "Scotts Valley",
                      },
                    ],
                    "trips": Array [
                      Object {
                        "duration": 1234,
                        "start_time": 12345,
                        "trip_headsign": "To Downtown",
                        "trip_id": "abcd",
                        "trip_short_name": "The Express",
                      },
                    ],
                  },
                ],
              },
            },
            "stopsById": Object {
              "1": Object {
                "stop_id": "1",
                "stop_lat": 36.9707,
                "stop_lon": -122.0246,
                "stop_name": "Santa Cruz",
              },
              "2": Object {
                "stop_id": "2",
                "stop_lat": 37.049,
                "stop_lon": -122.0279,
                "stop_name": "Scotts Valley",
              },
            },
          },
        ]
      }
      onChange={[Function]}>
      <div>
        <SelectFeedAndRoutes
          feeds={
            Array [
              Object {
                "routes": Array [
                  Object {
                    "patterns": Array [
                      Object {
                        "geometry": Object {
                          "coordinates": Array [
                            Array [
                              -122.0246,
                              36.9707,
                            ],
                            Array [
                              -122.0279,
                              37.049,
                            ],
                            Array [
                              -121.9799,
                              37.2299,
                            ],
                            Array [
                              -121.9445,
                              37.324,
                            ],
                            Array [
                              -121.936,
                              37.353,
                            ],
                            Array [
                              -121.924,
                              37.365,
                            ],
                          ],
                          "type": "LineString",
                        },
                        "stops": Array [
                          Object {
                            "stop_id": "1",
                            "stop_lat": 36.9707,
                            "stop_lon": -122.0246,
                            "stop_name": "Santa Cruz",
                          },
                          Object {
                            "stop_id": "2",
                            "stop_lat": 37.049,
                            "stop_lon": -122.0279,
                            "stop_name": "Scotts Valley",
                          },
                        ],
                        "trips": Array [
                          Object {
                            "duration": 1234,
                            "start_time": 12345,
                            "trip_headsign": "To Downtown",
                            "trip_id": "abcd",
                            "trip_short_name": "The Express",
                          },
                        ],
                      },
                    ],
                  },
                ],
                "routesById": Object {
                  "route1": Object {
                    "patterns": Array [
                      Object {
                        "geometry": Object {
                          "coordinates": Array [
                            Array [
                              -122.0246,
                              36.9707,
                            ],
                            Array [
                              -122.0279,
                              37.049,
                            ],
                            Array [
                              -121.9799,
                              37.2299,
                            ],
                            Array [
                              -121.9445,
                              37.324,
                            ],
                            Array [
                              -121.936,
                              37.353,
                            ],
                            Array [
                              -121.924,
                              37.365,
                            ],
                          ],
                          "type": "LineString",
                        },
                        "stops": Array [
                          Object {
                            "stop_id": "1",
                            "stop_lat": 36.9707,
                            "stop_lon": -122.0246,
                            "stop_name": "Santa Cruz",
                          },
                          Object {
                            "stop_id": "2",
                            "stop_lat": 37.049,
                            "stop_lon": -122.0279,
                            "stop_name": "Scotts Valley",
                          },
                        ],
                        "trips": Array [
                          Object {
                            "duration": 1234,
                            "start_time": 12345,
                            "trip_headsign": "To Downtown",
                            "trip_id": "abcd",
                            "trip_short_name": "The Express",
                          },
                        ],
                      },
                    ],
                  },
                },
                "stopsById": Object {
                  "1": Object {
                    "stop_id": "1",
                    "stop_lat": 36.9707,
                    "stop_lon": -122.0246,
                    "stop_name": "Santa Cruz",
                  },
                  "2": Object {
                    "stop_id": "2",
                    "stop_lat": 37.049,
                    "stop_lon": -122.0279,
                    "stop_name": "Scotts Valley",
                  },
                },
              },
            ]
          }
          onChange={[Function]}>
          <div>
            <Group>
              <div
                className="form-group">
                <Select
                  addLabelText="Add \"{label}\"?"
                  arrowRenderer={[Function]}
                  autosize={true}
                  backspaceRemoves={true}
                  backspaceToRemoveMessage="Press backspace to remove {label}"
                  clearAllText="Clear all"
                  clearValueText="Clear value"
                  clearable={false}
                  delimiter=","
                  disabled={false}
                  escapeClearsValue={true}
                  filterOptions={[Function]}
                  ignoreAccents={true}
                  ignoreCase={true}
                  inputProps={Object {}}
                  isLoading={false}
                  joinValues={false}
                  labelKey="label"
                  matchPos="any"
                  matchProp="any"
                  menuBuffer={0}
                  menuRenderer={[Function]}
                  multi={false}
                  name="Feed"
                  noResultsText="No results found"
                  onBlurResetsInput={true}
                  onChange={[Function]}
                  onCloseResetsInput={true}
                  openAfterFocus={false}
                  optionComponent={[Function]}
                  options={
                    Array [
                      Object {
                        "label": undefined,
                        "value": undefined,
                      },
                    ]
                  }
                  pageSize={5}
                  placeholder="Select feed"
                  required={false}
                  scrollMenuIntoView={true}
                  searchable={true}
                  simpleValue={false}
                  tabSelectsValue={true}
                  valueComponent={[Function]}
                  valueKey="value">
                  <div
                    className="Select Select--single is-searchable">
                    <div
                      className="Select-control"
                      onKeyDown={[Function]}
                      onMouseDown={[Function]}
                      onTouchEnd={[Function]}
                      onTouchMove={[Function]}
                      onTouchStart={[Function]}>
                      <span
                        className="Select-multi-value-wrapper"
                        id="react-select-2--value">
                        <div
                          className="Select-placeholder">
                          Select feed
                        </div>
                        <AutosizeInput
                          aria-activedescendant="react-select-2--value"
                          aria-expanded="false"
                          aria-haspopup="false"
                          aria-owns=""
                          className="Select-input"
                          minWidth="5px"
                          onBlur={[Function]}
                          onChange={[Function]}
                          onFocus={[Function]}
                          required={false}
                          role="combobox"
                          value="">
                          <div
                            className="Select-input"
                            style={
                              Object {
                                "display": "inline-block",
                              }
                            }>
                            <input
                              aria-activedescendant="react-select-2--value"
                              aria-expanded="false"
                              aria-haspopup="false"
                              aria-owns=""
                              onBlur={[Function]}
                              onChange={[Function]}
                              onFocus={[Function]}
                              required={false}
                              role="combobox"
                              style={
                                Object {
                                  "boxSizing": "content-box",
                                  "width": "5pxpx",
                                }
                              }
                              value="" />
                            <div
                              style={
                                Object {
                                  "height": 0,
                                  "left": 0,
                                  "overflow": "scroll",
                                  "position": "absolute",
                                  "top": 0,
                                  "visibility": "hidden",
                                  "whiteSpace": "pre",
                                }
                              } />
                          </div>
                        </AutosizeInput>
                      </span>
                      <span
                        className="Select-arrow-zone"
                        onMouseDown={[Function]}>
                        <span
                          className="Select-arrow"
                          onMouseDown={[Function]} />
                      </span>
                    </div>
                  </div>
                </Select>
              </div>
            </Group>
          </div>
        </SelectFeedAndRoutes>
      </div>
    </SelectFeedRouteAndPatterns>
    <Number
      label="Scale"
      name="Scale"
      onChange={[Function]}
      step="any">
      <Group
        label="Scale"
        name="Scale"
        onChange={[Function]}
        step="any">
        <div
          className="form-group">
          <label>
            Scale
          </label>
          <Input
            label="Scale"
            name="Scale"
            onChange={[Function]}
            step="any"
            type="number">
            <input
              className="form-control"
              name="Scale"
              onChange={[Function]}
              placeholder="Scale"
              step="any"
              type="number" />
          </Input>
        </div>
      </Group>
    </Number>
  </form>
</AdjustSpeed>
`;
