exports[`Component > Modification > Title renders correctly 1`] = `
<div
  className="ModificationTitle active">
  <a
    onClick={[Function bound handleClick]}
    style={Object {}}
    title="Edit modification">
    <span />
  </a>
  <a
    className="ShowOnMap pull-right active fa-btn"
    onClick={[Function anonymous]}
    title="Toggle map display">
    <i
      className="fa fa-eye fa-fw " />
  </a>
</div>
`;
