// Jest Snapshot v1, https://goo.gl/fbAQLP

exports[`Report > AddTrips renders correctly 1`] = `
<div>
  <div
    style={
      Object {
        "height": 200,
        "width": 720,
      }
    }
  >
    <div
      className="MiniMap-northArrow"
    >
      <i
        className="fa fa-arrow-left"
      />
       
      N
    </div>
    <div
      style={
        Object {
          "transform": "rotate(-90deg) translate(520px)",
        }
      }
    >
      <div
        style={
          Object {
            "height": 200,
            "width": 720,
          }
        }
      >
        <div
          className={undefined}
          id="map1"
          style={undefined}
        >
          <div
            style={
              Object {
                "display": "none",
              }
            }
          >
            <g
              data={
                {
                  "type": "FeatureCollection",
                  "features": [
                    {
                      "type": "Feature",
                      "properties": {},
                      "geometry": {
                        "type": "LineString",
                        "coordinates": [
                          [
                            "-122.02460000",
                            "36.97070000"
                          ],
                          [
                            "-122.02790000",
                            "37.04900000"
                          ],
                          [
                            "-121.97990000",
                            "37.22990000"
                          ],
                          [
                            "-121.94450000",
                            "37.32400000"
                          ],
                          [
                            "-121.93600000",
                            "37.35300000"
                          ],
                          [
                            "-121.92400000",
                            "37.36500000"
                          ]
                        ]
                      }
                    }
                  ]
                }
              }
              type="GeoJson"
            />
            <g>
              <div
                style={
                  Object {
                    "display": "none",
                  }
                }
              />
            </g>
          </div>
        </div>
      </div>
    </div>
  </div>
  <i>
    <span>
      45.2 km (28.1 mi)
    </span>
    , 
    unidirectional
  </i>
  <table
    className="table table-striped"
  >
    <thead>
      <tr>
        <th>
          Name
        </th>
        <th>
          Start time
        </th>
        <th>
          End time
        </th>
        <th>
          Frequency
        </th>
        <th>
          Speed
        </th>
        <th>
          Days of service
        </th>
        <th>
          Number of trips
        </th>
      </tr>
    </thead>
    <tbody>
      <tr>
        <td>
          Test timetable
        </td>
        <td>
          08:00
        </td>
        <td>
          16:00
        </td>
        <td>
          15
        </td>
        <td>
          <span>
            0 km/h (0 mph)
          </span>
        </td>
        <td>
          <span>
            <span
              aria-hidden={false}
              className="DaysOfService-active"
            >
              Mo
            </span>
             
            <span
              aria-hidden={false}
              className="DaysOfService-active"
            >
              Tu
            </span>
             
            <span
              aria-hidden={false}
              className="DaysOfService-active"
            >
              We
            </span>
             
            <span
              aria-hidden={false}
              className="DaysOfService-active"
            >
              Th
            </span>
             
            <span
              aria-hidden={false}
              className="DaysOfService-active"
            >
              Fr
            </span>
             
            <span
              aria-hidden={true}
              className="DaysOfService-inactive"
            >
              Sa
            </span>
             
            <span
              aria-hidden={true}
              className="DaysOfService-inactive"
            >
              Su
            </span>
          </span>
        </td>
        <td>
          32
        </td>
      </tr>
    </tbody>
  </table>
</div>
`;
