// Jest Snapshot v1, https://goo.gl/fbAQLP

exports[`Report > AdjustFrequency renders correctly 1`] = `
<div>
  <h3>
    Route
    :
     
     
  </h3>
  <div
    style={
      Object {
        "height": 200,
        "width": 720,
      }
    }
  >
    <div
      className={undefined}
      id={undefined}
      style={undefined}
    >
      <g>
        <g
          data={
            {
  "type": "FeatureCollection",
  "features": [
    {
      "type": "Feature",
      "geometry": {
        "type": "LineString",
        "coordinates": [
          [
            "-122.02460000",
            "36.97070000"
          ],
          [
            "-122.02790000",
            "37.04900000"
          ],
          [
            "-121.97990000",
            "37.22990000"
          ],
          [
            "-121.94450000",
            "37.32400000"
          ],
          [
            "-121.93600000",
            "37.35300000"
          ],
          [
            "-121.92400000",
            "37.36500000"
          ]
        ]
      }
    }
  ]
}
          }
          type="GeoJSON"
        />
      </g>
    </div>
  </div>
  <i>
    All existing trips are removed.
  </i>
  <h4>
    New frequencies
  </h4>
  <table
    className="table table-striped"
  >
    <thead>
      <tr>
        <th>
          Name
        </th>
        <th>
          Direction
        </th>
        <th>
          Start time
        </th>
        <th>
          End time
        </th>
        <th>
          Frequency
        </th>
        <th>
          Days of service
        </th>
        <th>
          Number of trips
        </th>
        <th>
          Length
        </th>
      </tr>
    </thead>
    <tbody />
  </table>
</div>
`;
