// Jest Snapshot v1, https://goo.gl/fbAQLP

exports[`Report > Reroute renders correctly 1`] = `
<div>
  <h3>
    Route
    :
     
     
  </h3>
  <div
    style={
      Object {
        "height": 200,
        "width": 720,
      }
    }
  >
    <div
      className="MiniMap-northArrow"
    >
      <i
        className="fa fa-arrow-left"
      />
      Â 
      N
    </div>
    <div
      style={
        Object {
          "transform": "rotate(-90deg) translate(520px)",
        }
      }
    >
      <div
        style={
          Object {
            "height": 200,
            "width": 720,
          }
        }
      >
        <div
          className={undefined}
          id={undefined}
          style={undefined}
        >
          <div
            style={
              Object {
                "display": "none",
              }
            }
          >
            <g
              data={
                {
                  "type": "FeatureCollection",
                  "features": [
                    {
                      "type": "Feature",
                      "geometry": {
                        "type": "LineString",
                        "coordinates": [
                          [
                            "-122.02460000",
                            "36.97070000"
                          ],
                          [
                            "-122.02790000",
                            "37.04900000"
                          ],
                          [
                            "-121.97990000",
                            "37.22990000"
                          ],
                          [
                            "-121.94450000",
                            "37.32400000"
                          ],
                          [
                            "-121.93600000",
                            "37.35300000"
                          ],
                          [
                            "-121.92400000",
                            "37.36500000"
                          ]
                        ]
                      }
                    }
                  ]
                }
              }
              type="GeoJSON"
            />
            <g
              data={
                {
                  "type": "FeatureCollection",
                  "features": [
                    {
                      "type": "Feature",
                      "properties": {},
                      "geometry": {
                        "type": "LineString",
                        "coordinates": [
                          [
                            "-122.02460000",
                            "36.97070000"
                          ],
                          [
                            "-122.02790000",
                            "37.04900000"
                          ],
                          [
                            "-122.02790000",
                            "37.04900000"
                          ]
                        ]
                      }
                    }
                  ]
                }
              }
              type="GeoJSON"
            />
            <g
              data={
                {
                  "type": "FeatureCollection",
                  "features": [
                    {
                      "type": "Feature",
                      "geometry": {
                        "type": "LineString",
                        "coordinates": [
                          [
                            "-122.02460000",
                            "36.97070000"
                          ],
                          [
                            "-122.02790000",
                            "37.04900000"
                          ],
                          [
                            "-121.97990000",
                            "37.22990000"
                          ],
                          [
                            "-121.94450000",
                            "37.32400000"
                          ],
                          [
                            "-121.93600000",
                            "37.35300000"
                          ],
                          [
                            "-121.92400000",
                            "37.36500000"
                          ]
                        ]
                      },
                      "properties": {}
                    },
                    {
                      "type": "Feature",
                      "geometry": {
                        "type": "LineString",
                        "coordinates": [
                          [
                            "-122.02460000",
                            "36.97070000"
                          ],
                          [
                            "-122.02790000",
                            "37.04900000"
                          ],
                          [
                            "-121.97990000",
                            "37.22990000"
                          ],
                          [
                            "-121.94450000",
                            "37.32400000"
                          ],
                          [
                            "-121.93600000",
                            "37.35300000"
                          ],
                          [
                            "-121.92400000",
                            "37.36500000"
                          ]
                        ]
                      },
                      "properties": {}
                    }
                  ]
                }
              }
              type="GeoJSON"
            />
          </div>
        </div>
      </div>
    </div>
  </div>
  <table
    className="table table-striped"
  >
    <tbody>
      <tr>
        <th>
          Pattern
        </th>
        <td>
          Mock Pattern
        </td>
      </tr>
      <tr>
        <th>
          Original length
        </th>
        <td>
          <span>
            45.2 km (28.1 mi)
          </span>
        </td>
      </tr>
      <tr>
        <th>
          New length
        </th>
        <td>
          <span>
            126.5 km (78.6 mi)
          </span>
        </td>
      </tr>
      <tr>
        <th>
          New segment length
        </th>
        <td>
          <span>
            90 km (55.9 mi)
          </span>
        </td>
      </tr>
      <tr>
        <th>
          Change in length
        </th>
        <td>
          <span>
            81.3 km (50.5 mi)
          </span>
        </td>
      </tr>
      <tr>
        <th>
          Speed over new segment
        </th>
        <td>
          <span>
            10 km/h (6.2 mph)
          </span>
        </td>
      </tr>
      <tr>
        <th>
          Dwell time in new segment (seconds)
        </th>
        <td />
      </tr>
      <tr>
        <th>
          Stops removed
        </th>
        <td>
          1
        </td>
      </tr>
      <tr>
        <th>
          Stops added
        </th>
        <td>
          31
        </td>
      </tr>
    </tbody>
  </table>
</div>
`;
